
  .   ____          _            __ _ _
 /\\ / ___'_ __ _ _(_)_ __  __ _ \ \ \ \
( ( )\___ | '_ | '_| | '_ \/ _` | \ \ \ \
 \\/  ___)| |_)| | | | | || (_| |  ) ) ) )
  '  |____| .__|_| |_|_| |_\__, | / / / /
 =========|_|==============|___/=/_/_/_/
 :: Spring Boot ::                (v3.2.3)

2026-05-23T23:22:47.357+05:30  INFO 72466 --- [agency-backend] [           main] c.a.backend.AgencyBackendApplication     : Starting AgencyBackendApplication v0.0.1-SNAPSHOT using Java 21.0.10 with PID 72466 (/home/dell/Pictures/Code-Companion/backend/target/agency-backend-0.0.1-SNAPSHOT.jar started by dell in /home/dell/Pictures/Code-Companion)
2026-05-23T23:22:47.360+05:30  INFO 72466 --- [agency-backend] [           main] c.a.backend.AgencyBackendApplication     : No active profile set, falling back to 1 default profile: "default"
2026-05-23T23:22:48.208+05:30  INFO 72466 --- [agency-backend] [           main] .s.d.r.c.RepositoryConfigurationDelegate : Bootstrapping Spring Data JPA repositories in DEFAULT mode.
2026-05-23T23:22:48.260+05:30  INFO 72466 --- [agency-backend] [           main] .s.d.r.c.RepositoryConfigurationDelegate : Finished Spring Data repository scanning in 46 ms. Found 4 JPA repository interfaces.
2026-05-23T23:22:48.797+05:30  INFO 72466 --- [agency-backend] [           main] o.s.b.w.embedded.tomcat.TomcatWebServer  : Tomcat initialized with port 5001 (http)
2026-05-23T23:22:48.811+05:30  INFO 72466 --- [agency-backend] [           main] o.apache.catalina.core.StandardService   : Starting service [Tomcat]
2026-05-23T23:22:48.812+05:30  INFO 72466 --- [agency-backend] [           main] o.apache.catalina.core.StandardEngine    : Starting Servlet engine: [Apache Tomcat/10.1.19]
2026-05-23T23:22:48.844+05:30  INFO 72466 --- [agency-backend] [           main] o.a.c.c.C.[Tomcat].[localhost].[/]       : Initializing Spring embedded WebApplicationContext
2026-05-23T23:22:48.846+05:30  INFO 72466 --- [agency-backend] [           main] w.s.c.ServletWebServerApplicationContext : Root WebApplicationContext: initialization completed in 1429 ms
2026-05-23T23:22:48.881+05:30  INFO 72466 --- [agency-backend] [           main] com.zaxxer.hikari.HikariDataSource       : HikariPool-1 - Starting...
2026-05-23T23:22:49.141+05:30  INFO 72466 --- [agency-backend] [           main] com.zaxxer.hikari.pool.HikariPool        : HikariPool-1 - Added connection conn0: url=jdbc:h2:mem:agency_db user=SA
2026-05-23T23:22:49.143+05:30  INFO 72466 --- [agency-backend] [           main] com.zaxxer.hikari.HikariDataSource       : HikariPool-1 - Start completed.
2026-05-23T23:22:49.152+05:30  INFO 72466 --- [agency-backend] [           main] o.s.b.a.h2.H2ConsoleAutoConfiguration    : H2 console available at '/h2-console'. Database available at 'jdbc:h2:mem:agency_db'
2026-05-23T23:22:49.307+05:30  INFO 72466 --- [agency-backend] [           main] o.hibernate.jpa.internal.util.LogHelper  : HHH000204: Processing PersistenceUnitInfo [name: default]
2026-05-23T23:22:49.365+05:30  INFO 72466 --- [agency-backend] [           main] org.hibernate.Version                    : HHH000412: Hibernate ORM core version 6.4.4.Final
2026-05-23T23:22:49.408+05:30  INFO 72466 --- [agency-backend] [           main] o.h.c.internal.RegionFactoryInitiator    : HHH000026: Second-level cache disabled
2026-05-23T23:22:49.653+05:30  INFO 72466 --- [agency-backend] [           main] o.s.o.j.p.SpringPersistenceUnitInfo      : No LoadTimeWeaver setup: ignoring JPA class transformer
2026-05-23T23:22:49.700+05:30  WARN 72466 --- [agency-backend] [           main] org.hibernate.orm.deprecation            : HHH90000025: H2Dialect does not need to be specified explicitly using 'hibernate.dialect' (remove the property setting and it will be selected by default)
2026-05-23T23:22:50.446+05:30  INFO 72466 --- [agency-backend] [           main] o.h.e.t.j.p.i.JtaPlatformInitiator       : HHH000489: No JTA platform available (set 'hibernate.transaction.jta.platform' to enable JTA platform integration)
2026-05-23T23:22:50.511+05:30  INFO 72466 --- [agency-backend] [           main] j.LocalContainerEntityManagerFactoryBean : Initialized JPA EntityManagerFactory for persistence unit 'default'
2026-05-23T23:22:51.095+05:30  WARN 72466 --- [agency-backend] [           main] JpaBaseConfiguration$JpaWebConfiguration : spring.jpa.open-in-view is enabled by default. Therefore, database queries may be performed during view rendering. Explicitly configure spring.jpa.open-in-view to disable this warning
2026-05-23T23:22:51.546+05:30  INFO 72466 --- [agency-backend] [           main] o.s.b.w.embedded.tomcat.TomcatWebServer  : Tomcat started on port 5001 (http) with context path ''
2026-05-23T23:22:51.560+05:30  INFO 72466 --- [agency-backend] [           main] c.a.backend.AgencyBackendApplication     : Started AgencyBackendApplication in 4.564 seconds (process running for 4.941)
2026-05-23T23:23:54.968+05:30  INFO 72466 --- [agency-backend] [nio-5001-exec-1] o.a.c.c.C.[Tomcat].[localhost].[/]       : Initializing Spring DispatcherServlet 'dispatcherServlet'
2026-05-23T23:23:54.969+05:30  INFO 72466 --- [agency-backend] [nio-5001-exec-1] o.s.web.servlet.DispatcherServlet        : Initializing Servlet 'dispatcherServlet'
2026-05-23T23:23:54.970+05:30  INFO 72466 --- [agency-backend] [nio-5001-exec-1] o.s.web.servlet.DispatcherServlet        : Completed initialization in 1 ms
2026-05-23T23:23:55.129+05:30  INFO 72466 --- [agency-backend] [nio-5001-exec-1] c.a.b.m.c.service.ContactServiceImpl     : Contact submission saved: id=1, email=test@test.com, service=SaaS Development
2026-05-23T23:23:55.131+05:30  INFO 72466 --- [agency-backend] [         task-1] c.a.b.m.c.service.EmailServiceImpl       : Email not configured — skipping notification for contact submission id=1
2026-05-23T23:23:55.160+05:30  INFO 72466 --- [agency-backend] [nio-5001-exec-1] c.a.backend.config.RequestLoggingFilter  : [32m POST /api/v1/contact → 200 (174ms)[0m
2026-05-23T23:27:47.320+05:30  INFO 72466 --- [agency-backend] [nio-5001-exec-2] c.a.b.m.c.service.ContactServiceImpl     : Contact submission saved: id=2, email=ragulsiva369@gmail.com, service=Full-Stack Development
2026-05-23T23:27:47.320+05:30  INFO 72466 --- [agency-backend] [         task-2] c.a.b.m.c.service.EmailServiceImpl       : Email not configured — skipping notification for contact submission id=2
2026-05-23T23:27:47.322+05:30  INFO 72466 --- [agency-backend] [nio-5001-exec-2] c.a.backend.config.RequestLoggingFilter  : [32m POST /api/v1/contact → 200 (7ms)[0m
2026-05-23T23:29:22.095+05:30  INFO 72466 --- [agency-backend] [ionShutdownHook] j.LocalContainerEntityManagerFactoryBean : Closing JPA EntityManagerFactory for persistence unit 'default'
2026-05-23T23:29:22.097+05:30  INFO 72466 --- [agency-backend] [ionShutdownHook] com.zaxxer.hikari.HikariDataSource       : HikariPool-1 - Shutdown initiated...
2026-05-23T23:29:22.098+05:30  INFO 72466 --- [agency-backend] [ionShutdownHook] com.zaxxer.hikari.HikariDataSource       : HikariPool-1 - Shutdown completed.
